// Jest Snapshot v1, https://goo.gl/fbAQLP

exports[`GameInfo should render correctly 1`] = `
<div
  className="game-details"
>
  <GameInfo__GameDetailsRow
    className="game-details-row-with-subtext"
  >
    <GameInfo__GameDetailsTitleBig>
      Test game
    </GameInfo__GameDetailsTitleBig>
  </GameInfo__GameDetailsRow>
  <GameInfo__GameDetailsRow
    className="game-details-row-with-gap"
  >
    <GameInfo__GameDetailsTextIndent>
      Test GM
    </GameInfo__GameDetailsTextIndent>
  </GameInfo__GameDetailsRow>
  <GameInfo__GameDetailsRow
    className="game-details-row-with-subtext"
  >
    <GameInfo__GameDetailsTitle>
      gameInfo.revolvingDoor
    </GameInfo__GameDetailsTitle>
  </GameInfo__GameDetailsRow>
  <GameInfo__GameDetailsRow
    className="game-details-subtext game-details-row-with-gap"
  >
    <GameInfo__GameDetailsTextIndent>
      gameInfo.revolvingDoorDescription
    </GameInfo__GameDetailsTextIndent>
  </GameInfo__GameDetailsRow>
  <GameInfo__GameDetailsRow>
    <GameInfo__GameDetailsTitle
      className="game-details-two-columns"
    >
      gameInfo.runTime
    </GameInfo__GameDetailsTitle>
    <GameInfo__GameDetailsValue>
      <span>
        Saturday 16:00
         - 
        20:00
         
      </span>
      <span
        className="no-wrap"
      >
        (
        4 hours
        )
      </span>
    </GameInfo__GameDetailsValue>
  </GameInfo__GameDetailsRow>
  <GameInfo__GameDetailsRow>
    <GameInfo__GameDetailsTitle
      className="game-details-two-columns"
    >
      gameInfo.programType
    </GameInfo__GameDetailsTitle>
    <GameInfo__GameDetailsValue>
      programType.tabletopRPG
    </GameInfo__GameDetailsValue>
  </GameInfo__GameDetailsRow>
  <GameInfo__GameDetailsRow>
    <GameInfo__GameDetailsTitle
      className="game-details-two-columns"
    >
      gameInfo.genres
    </GameInfo__GameDetailsTitle>
    <GameInfo__GameDetailsValue>
      <span
        key="fantasy"
      >
        <span
          className="no-wrap"
        >
          genre.fantasy
        </span>
        <span>
          , 
        </span>
      </span>
      <span
        key="war"
      >
        <span
          className="no-wrap"
        >
          genre.war
        </span>
        <span>
          , 
        </span>
      </span>
      <span
        key="exploration"
      >
        <span
          className="no-wrap"
        >
          genre.exploration
        </span>
        <span>
          , 
        </span>
      </span>
      <span
        key="mystery"
      >
        <span
          className="no-wrap"
        >
          genre.mystery
        </span>
        <span>
          , 
        </span>
      </span>
      <span
        key="drama"
      >
        <span
          className="no-wrap"
        >
          genre.drama
        </span>
        <span />
      </span>
    </GameInfo__GameDetailsValue>
  </GameInfo__GameDetailsRow>
  <GameInfo__GameDetailsRow>
    <GameInfo__GameDetailsTitle>
      gameInfo.description
    </GameInfo__GameDetailsTitle>
  </GameInfo__GameDetailsRow>
  <GameInfo__GameDetailsRow
    className="game-details-row-with-gap"
  >
    <span>
      Test game description
    </span>
  </GameInfo__GameDetailsRow>
  <GameInfo__GameDetailsRow>
    <GameInfo__GameDetailsTitle
      className="game-details-two-columns"
    >
      gameInfo.gameStyle
    </GameInfo__GameDetailsTitle>
    <GameInfo__GameDetailsValue>
      <span
        key="serious"
      >
        <span
          className="no-wrap"
        >
          gameStyle.serious
        </span>
        <span>
          , 
        </span>
      </span>
      <span
        key="story_driven"
      >
        <span
          className="no-wrap"
        >
          gameStyle.story_driven
        </span>
        <span>
          , 
        </span>
      </span>
      <span
        key="character_driven"
      >
        <span
          className="no-wrap"
        >
          gameStyle.character_driven
        </span>
        <span />
      </span>
    </GameInfo__GameDetailsValue>
  </GameInfo__GameDetailsRow>
  <GameInfo__GameDetailsRow>
    <GameInfo__GameDetailsTitle
      className="game-details-two-columns"
    >
      gameInfo.location
    </GameInfo__GameDetailsTitle>
    <GameInfo__GameDetailsValue>
      Test location
    </GameInfo__GameDetailsValue>
  </GameInfo__GameDetailsRow>
  <GameInfo__GameDetailsRow>
    <GameInfo__GameDetailsTitle
      className="game-details-two-columns"
    >
      gameInfo.numberOfPlayers
    </GameInfo__GameDetailsTitle>
    <GameInfo__GameDetailsValue>
      2 - 4
    </GameInfo__GameDetailsValue>
  </GameInfo__GameDetailsRow>
</div>
`;
