// Jest Snapshot v1, https://goo.gl/fbAQLP

exports[`PasswordManagement should render correctly 1`] = `
<div
  className="password-management"
>
  <h3>
    helperPasswordManagement
  </h3>
  <div>
    <p>
      userCode
    </p>
    <PasswordManagement__FormInput
      key="user-serial"
      onChange={[Function]}
      placeholder="userCode"
      value=""
    />
    <button
      onClick={[Function]}
    >
      button.find
    </button>
    <p />
  </div>
  <div />
</div>
`;
