// Jest Snapshot v1, https://goo.gl/fbAQLP

exports[`Loading should render correctly 1`] = `
<div
  className="accordion"
>
  <styled.button
    onClick={[Function]}
  >
    <Styled(FontAwesomeIcon)
      icon="angle-down"
    />
    <span>
      test button text
    </span>
  </styled.button>
</div>
`;
