// Jest Snapshot v1, https://goo.gl/fbAQLP

exports[`FormField should render correctly 1`] = `
<Fragment>
  <styled.div>
    <styled.div>
      <styled.input
        className="form-input"
        id="password"
        name="password"
        onBlur={[Function]}
        onChange={[Function]}
        onDragStart={[Function]}
        onDrop={[Function]}
        onFocus={[Function]}
        placeholder="password"
        type=""
      />
    </styled.div>
  </styled.div>
  <styled.div>
    <styled.span>
      validation.required
    </styled.span>
  </styled.div>
</Fragment>
`;
