// Jest Snapshot v1, https://goo.gl/fbAQLP

exports[`MyFavoritesList should render correctly 1`] = `
<div
  className="my-favorites-list"
>
  <h3>
    favoritedGames
  </h3>
  <MyFavoritesList__MyFavoritesGames>
    <span>
      noFavoritedGames
    </span>
  </MyFavoritesList__MyFavoritesGames>
</div>
`;
